in_source: |-
  (write-char (+ 1 2 3 4 5 6 7 8 9 10) 1)
  (write-char (- 55 10 9 8 7 6 5 4 3 2 1) 1)
  (write-char (* 1 2 3 4 5 6) 1)
  (write-char (/ 120 5 4 3 2 1 1 1) 1)
in_stdin: (0, 0)
tick_limit: 750
log_limit: 1000
out_code_hex: |
  0000 - 0x08000001 - jump("__main_start") 1
  0001 - 0x3800000A - pushnum(10) 10
  0002 - 0x38000009 - pushnum(9) 9
  0003 - 0x38000008 - pushnum(8) 8
  0004 - 0x38000007 - pushnum(7) 7
  0005 - 0x38000006 - pushnum(6) 6
  0006 - 0x38000005 - pushnum(5) 5
  0007 - 0x38000004 - pushnum(4) 4
  0008 - 0x38000003 - pushnum(3) 3
  0009 - 0x38000002 - pushnum(2) 2
  0010 - 0x38000001 - pushnum(1) 1
  0011 - 0x4A5294A4 - add | add | add | add | add | add
  0012 - 0x4A533000 - add | add | add | dup
  0013 - 0xB8000001 - out(1) 1
  0014 - 0xA0000000 - drop
  0015 - 0x38000001 - pushnum(1) 1
  0016 - 0x38000002 - pushnum(2) 2
  0017 - 0x38000003 - pushnum(3) 3
  0018 - 0x38000004 - pushnum(4) 4
  0019 - 0x38000005 - pushnum(5) 5
  0020 - 0x38000006 - pushnum(6) 6
  0021 - 0x38000007 - pushnum(7) 7
  0022 - 0x38000008 - pushnum(8) 8
  0023 - 0x38000009 - pushnum(9) 9
  0024 - 0x3800000A - pushnum(10) 10
  0025 - 0x38000037 - pushnum(55) 55
  0026 - 0x5294A528 - sub | sub | sub | sub | sub | sub
  0027 - 0x5294A980 - sub | sub | sub | sub | dup
  0028 - 0xB8000001 - out(1) 1
  0029 - 0xA0000000 - drop
  0030 - 0x38000006 - pushnum(6) 6
  0031 - 0x38000005 - pushnum(5) 5
  0032 - 0x38000004 - pushnum(4) 4
  0033 - 0x38000003 - pushnum(3) 3
  0034 - 0x38000002 - pushnum(2) 2
  0035 - 0x38000001 - pushnum(1) 1
  0036 - 0x6318C64C - multiplylow | multiplylow | multiplylow | multiplylow | multiplylow | dup
  0037 - 0xB8000001 - out(1) 1
  0038 - 0xA0000000 - drop
  0039 - 0x38000001 - pushnum(1) 1
  0040 - 0x38000001 - pushnum(1) 1
  0041 - 0x38000001 - pushnum(1) 1
  0042 - 0x38000002 - pushnum(2) 2
  0043 - 0x38000003 - pushnum(3) 3
  0044 - 0x38000004 - pushnum(4) 4
  0045 - 0x38000005 - pushnum(5) 5
  0046 - 0x38000078 - pushnum(120) 120
  0047 - 0x6B5AD6B4 - divide | divide | divide | divide | divide | divide
  0048 - 0x6CC00000 - divide | dup
  0049 - 0xB8000001 - out(1) 1
  0050 - 0xE8000000 - halt
out_code: |
  00000000: 0800 0001 3800 000a 3800 0009 3800 0008  ....8...8...8...
  00000010: 3800 0007 3800 0006 3800 0005 3800 0004  8...8...8...8...
  00000020: 3800 0003 3800 0002 3800 0001 4a52 94a4  8...8...8...JR..
  00000030: 4a53 3000 b800 0001 a000 0000 3800 0001  JS0.........8...
  00000040: 3800 0002 3800 0003 3800 0004 3800 0005  8...8...8...8...
  00000050: 3800 0006 3800 0007 3800 0008 3800 0009  8...8...8...8...
  00000060: 3800 000a 3800 0037 5294 a528 5294 a980  8...8..7R..(R...
  00000070: b800 0001 a000 0000 3800 0006 3800 0005  ........8...8...
  00000080: 3800 0004 3800 0003 3800 0002 3800 0001  8...8...8...8...
  00000090: 6318 c64c b800 0001 a000 0000 3800 0001  c..L........8...
  000000a0: 3800 0001 3800 0001 3800 0002 3800 0003  8...8...8...8...
  000000b0: 3800 0004 3800 0005 3800 0078 6b5a d6b4  8...8...8..xkZ..
  000000c0: 6cc0 0000 b800 0001 e800 0000            l...........
out_data: ''
result_data: ''
out_log: |-
  [INFO] 0 PC/SLOT/STEP:0/0/0 EI/EAM:0/0 Idepth:0 --- T:0 Dst:[] Rst:[] AR:0 IO:0
  [INFO] IO DEVICE 1 INPUT:0
  [INFO] 1 PC/SLOT/STEP:0/1/0 EI/EAM:0/0 Idepth:0 JUMP(1) T:0 Dst:[] Rst:[] AR:0 IO:0
  [INFO] 2 PC/SLOT/STEP:1/0/0 EI/EAM:0/0 Idepth:0 --- T:0 Dst:[] Rst:[] AR:0 IO:0
  [INFO] 3 PC/SLOT/STEP:1/1/0 EI/EAM:0/0 Idepth:0 PUSH(10) T:0 Dst:[] Rst:[] AR:0 IO:0
  [INFO] 4 PC/SLOT/STEP:2/0/0 EI/EAM:0/0 Idepth:0 --- T:10 Dst:[0] Rst:[] AR:0 IO:0
  [INFO] 5 PC/SLOT/STEP:2/1/0 EI/EAM:0/0 Idepth:0 PUSH(9) T:10 Dst:[0] Rst:[] AR:0 IO:0
  [INFO] 6 PC/SLOT/STEP:3/0/0 EI/EAM:0/0 Idepth:0 --- T:9 Dst:[0, 10] Rst:[] AR:0 IO:0
  [INFO] 7 PC/SLOT/STEP:3/1/0 EI/EAM:0/0 Idepth:0 PUSH(8) T:9 Dst:[0, 10] Rst:[] AR:0 IO:0
  [INFO] 8 PC/SLOT/STEP:4/0/0 EI/EAM:0/0 Idepth:0 --- T:8 Dst:[0, 10, 9] Rst:[] AR:0 IO:0
  [INFO] 9 PC/SLOT/STEP:4/1/0 EI/EAM:0/0 Idepth:0 PUSH(7) T:8 Dst:[0, 10, 9] Rst:[] AR:0 IO:0
  [INFO] 10 PC/SLOT/STEP:5/0/0 EI/EAM:0/0 Idepth:0 --- T:7 Dst:[0, 10, 9, 8] Rst:[] AR:0 IO:0
  [INFO] 11 PC/SLOT/STEP:5/1/0 EI/EAM:0/0 Idepth:0 PUSH(6) T:7 Dst:[0, 10, 9, 8] Rst:[] AR:0 IO:0
  [INFO] 12 PC/SLOT/STEP:6/0/0 EI/EAM:0/0 Idepth:0 --- T:6 Dst:[(1)..., [10, 9, 8, 7]] Rst:[] AR:0 IO:0
  [INFO] 13 PC/SLOT/STEP:6/1/0 EI/EAM:0/0 Idepth:0 PUSH(5) T:6 Dst:[(1)..., [10, 9, 8, 7]] Rst:[] AR:0 IO:0
  [INFO] 14 PC/SLOT/STEP:7/0/0 EI/EAM:0/0 Idepth:0 --- T:5 Dst:[(2)..., [9, 8, 7, 6]] Rst:[] AR:0 IO:0
  [INFO] 15 PC/SLOT/STEP:7/1/0 EI/EAM:0/0 Idepth:0 PUSH(4) T:5 Dst:[(2)..., [9, 8, 7, 6]] Rst:[] AR:0 IO:0
  [INFO] 16 PC/SLOT/STEP:8/0/0 EI/EAM:0/0 Idepth:0 --- T:4 Dst:[(3)..., [8, 7, 6, 5]] Rst:[] AR:0 IO:0
  [INFO] 17 PC/SLOT/STEP:8/1/0 EI/EAM:0/0 Idepth:0 PUSH(3) T:4 Dst:[(3)..., [8, 7, 6, 5]] Rst:[] AR:0 IO:0
  [INFO] 18 PC/SLOT/STEP:9/0/0 EI/EAM:0/0 Idepth:0 --- T:3 Dst:[(4)..., [7, 6, 5, 4]] Rst:[] AR:0 IO:0
  [INFO] 19 PC/SLOT/STEP:9/1/0 EI/EAM:0/0 Idepth:0 PUSH(2) T:3 Dst:[(4)..., [7, 6, 5, 4]] Rst:[] AR:0 IO:0
  [INFO] 20 PC/SLOT/STEP:10/0/0 EI/EAM:0/0 Idepth:0 --- T:2 Dst:[(5)..., [6, 5, 4, 3]] Rst:[] AR:0 IO:0
  [INFO] 21 PC/SLOT/STEP:10/1/0 EI/EAM:0/0 Idepth:0 PUSH(1) T:2 Dst:[(5)..., [6, 5, 4, 3]] Rst:[] AR:0 IO:0
  [INFO] 22 PC/SLOT/STEP:11/0/0 EI/EAM:0/0 Idepth:0 --- T:1 Dst:[(6)..., [5, 4, 3, 2]] Rst:[] AR:0 IO:0
  [INFO] 23 PC/SLOT/STEP:11/1/0 EI/EAM:0/0 Idepth:0 ADD T:1 Dst:[(6)..., [5, 4, 3, 2]] Rst:[] AR:0 IO:0
  [INFO] 24 PC/SLOT/STEP:11/2/0 EI/EAM:0/0 Idepth:0 ADD T:3 Dst:[(5)..., [6, 5, 4, 3]] Rst:[] AR:0 IO:0
  [INFO] 25 PC/SLOT/STEP:11/3/0 EI/EAM:0/0 Idepth:0 ADD T:6 Dst:[(4)..., [7, 6, 5, 4]] Rst:[] AR:0 IO:0
  [INFO] 26 PC/SLOT/STEP:11/4/0 EI/EAM:0/0 Idepth:0 ADD T:10 Dst:[(3)..., [8, 7, 6, 5]] Rst:[] AR:0 IO:0
  [INFO] 27 PC/SLOT/STEP:11/5/0 EI/EAM:0/0 Idepth:0 ADD T:15 Dst:[(2)..., [9, 8, 7, 6]] Rst:[] AR:0 IO:0
  [INFO] 28 PC/SLOT/STEP:11/6/0 EI/EAM:0/0 Idepth:0 ADD T:21 Dst:[(1)..., [10, 9, 8, 7]] Rst:[] AR:0 IO:0
  [INFO] 29 PC/SLOT/STEP:12/0/0 EI/EAM:0/0 Idepth:0 --- T:28 Dst:[0, 10, 9, 8] Rst:[] AR:0 IO:0
  [INFO] 30 PC/SLOT/STEP:12/1/0 EI/EAM:0/0 Idepth:0 ADD T:28 Dst:[0, 10, 9, 8] Rst:[] AR:0 IO:0
  [INFO] 31 PC/SLOT/STEP:12/2/0 EI/EAM:0/0 Idepth:0 ADD T:36 Dst:[0, 10, 9] Rst:[] AR:0 IO:0
  [INFO] 32 PC/SLOT/STEP:12/3/0 EI/EAM:0/0 Idepth:0 ADD T:45 Dst:[0, 10] Rst:[] AR:0 IO:0
  [INFO] 33 PC/SLOT/STEP:12/4/0 EI/EAM:0/0 Idepth:0 DUP T:55 Dst:[0] Rst:[] AR:0 IO:0
  [INFO] 34 PC/SLOT/STEP:12/5/0 EI/EAM:0/0 Idepth:0 NOP T:55 Dst:[0, 55] Rst:[] AR:0 IO:0
  [INFO] 35 PC/SLOT/STEP:12/6/0 EI/EAM:0/0 Idepth:0 NOP T:55 Dst:[0, 55] Rst:[] AR:0 IO:0
  [INFO] 36 PC/SLOT/STEP:13/0/0 EI/EAM:0/0 Idepth:0 --- T:55 Dst:[0, 55] Rst:[] AR:0 IO:0
  [INFO] 37 PC/SLOT/STEP:13/1/0 EI/EAM:0/0 Idepth:0 OUT(1) T:55 Dst:[0, 55] Rst:[] AR:0 IO:0
  [INFO] 38 PC/SLOT/STEP:13/1/1 EI/EAM:0/0 Idepth:0 OUT(1) T:55 Dst:[0] Rst:[] AR:0 IO:55
  [INFO] IO DEVICE 1 <- 55
  [INFO] 39 PC/SLOT/STEP:14/0/0 EI/EAM:0/0 Idepth:0 --- T:55 Dst:[0] Rst:[] AR:0 IO:55
  [INFO] 40 PC/SLOT/STEP:14/1/0 EI/EAM:0/0 Idepth:0 DROP T:55 Dst:[0] Rst:[] AR:0 IO:55
  [INFO] 41 PC/SLOT/STEP:14/2/0 EI/EAM:0/0 Idepth:0 NOP T:0 Dst:[] Rst:[] AR:0 IO:55
  [INFO] 42 PC/SLOT/STEP:14/3/0 EI/EAM:0/0 Idepth:0 NOP T:0 Dst:[] Rst:[] AR:0 IO:55
  [INFO] 43 PC/SLOT/STEP:14/4/0 EI/EAM:0/0 Idepth:0 NOP T:0 Dst:[] Rst:[] AR:0 IO:55
  [INFO] 44 PC/SLOT/STEP:14/5/0 EI/EAM:0/0 Idepth:0 NOP T:0 Dst:[] Rst:[] AR:0 IO:55
  [INFO] 45 PC/SLOT/STEP:14/6/0 EI/EAM:0/0 Idepth:0 NOP T:0 Dst:[] Rst:[] AR:0 IO:55
  [INFO] 46 PC/SLOT/STEP:15/0/0 EI/EAM:0/0 Idepth:0 --- T:0 Dst:[] Rst:[] AR:0 IO:55
  [INFO] 47 PC/SLOT/STEP:15/1/0 EI/EAM:0/0 Idepth:0 PUSH(1) T:0 Dst:[] Rst:[] AR:0 IO:55
  [INFO] 48 PC/SLOT/STEP:16/0/0 EI/EAM:0/0 Idepth:0 --- T:1 Dst:[0] Rst:[] AR:0 IO:55
  [INFO] 49 PC/SLOT/STEP:16/1/0 EI/EAM:0/0 Idepth:0 PUSH(2) T:1 Dst:[0] Rst:[] AR:0 IO:55
  [INFO] 50 PC/SLOT/STEP:17/0/0 EI/EAM:0/0 Idepth:0 --- T:2 Dst:[0, 1] Rst:[] AR:0 IO:55
  [INFO] 51 PC/SLOT/STEP:17/1/0 EI/EAM:0/0 Idepth:0 PUSH(3) T:2 Dst:[0, 1] Rst:[] AR:0 IO:55
  [INFO] 52 PC/SLOT/STEP:18/0/0 EI/EAM:0/0 Idepth:0 --- T:3 Dst:[0, 1, 2] Rst:[] AR:0 IO:55
  [INFO] 53 PC/SLOT/STEP:18/1/0 EI/EAM:0/0 Idepth:0 PUSH(4) T:3 Dst:[0, 1, 2] Rst:[] AR:0 IO:55
  [INFO] 54 PC/SLOT/STEP:19/0/0 EI/EAM:0/0 Idepth:0 --- T:4 Dst:[0, 1, 2, 3] Rst:[] AR:0 IO:55
  [INFO] 55 PC/SLOT/STEP:19/1/0 EI/EAM:0/0 Idepth:0 PUSH(5) T:4 Dst:[0, 1, 2, 3] Rst:[] AR:0 IO:55
  [INFO] 56 PC/SLOT/STEP:20/0/0 EI/EAM:0/0 Idepth:0 --- T:5 Dst:[(1)..., [1, 2, 3, 4]] Rst:[] AR:0 IO:55
  [INFO] 57 PC/SLOT/STEP:20/1/0 EI/EAM:0/0 Idepth:0 PUSH(6) T:5 Dst:[(1)..., [1, 2, 3, 4]] Rst:[] AR:0 IO:55
  [INFO] 58 PC/SLOT/STEP:21/0/0 EI/EAM:0/0 Idepth:0 --- T:6 Dst:[(2)..., [2, 3, 4, 5]] Rst:[] AR:0 IO:55
  [INFO] 59 PC/SLOT/STEP:21/1/0 EI/EAM:0/0 Idepth:0 PUSH(7) T:6 Dst:[(2)..., [2, 3, 4, 5]] Rst:[] AR:0 IO:55
  [INFO] 60 PC/SLOT/STEP:22/0/0 EI/EAM:0/0 Idepth:0 --- T:7 Dst:[(3)..., [3, 4, 5, 6]] Rst:[] AR:0 IO:55
  [INFO] 61 PC/SLOT/STEP:22/1/0 EI/EAM:0/0 Idepth:0 PUSH(8) T:7 Dst:[(3)..., [3, 4, 5, 6]] Rst:[] AR:0 IO:55
  [INFO] 62 PC/SLOT/STEP:23/0/0 EI/EAM:0/0 Idepth:0 --- T:8 Dst:[(4)..., [4, 5, 6, 7]] Rst:[] AR:0 IO:55
  [INFO] 63 PC/SLOT/STEP:23/1/0 EI/EAM:0/0 Idepth:0 PUSH(9) T:8 Dst:[(4)..., [4, 5, 6, 7]] Rst:[] AR:0 IO:55
  [INFO] 64 PC/SLOT/STEP:24/0/0 EI/EAM:0/0 Idepth:0 --- T:9 Dst:[(5)..., [5, 6, 7, 8]] Rst:[] AR:0 IO:55
  [INFO] 65 PC/SLOT/STEP:24/1/0 EI/EAM:0/0 Idepth:0 PUSH(10) T:9 Dst:[(5)..., [5, 6, 7, 8]] Rst:[] AR:0 IO:55
  [INFO] 66 PC/SLOT/STEP:25/0/0 EI/EAM:0/0 Idepth:0 --- T:10 Dst:[(6)..., [6, 7, 8, 9]] Rst:[] AR:0 IO:55
  [INFO] 67 PC/SLOT/STEP:25/1/0 EI/EAM:0/0 Idepth:0 PUSH(55) T:10 Dst:[(6)..., [6, 7, 8, 9]] Rst:[] AR:0 IO:55
  [INFO] 68 PC/SLOT/STEP:26/0/0 EI/EAM:0/0 Idepth:0 --- T:55 Dst:[(7)..., [7, 8, 9, 10]] Rst:[] AR:0 IO:55
  [INFO] 69 PC/SLOT/STEP:26/1/0 EI/EAM:0/0 Idepth:0 SUB T:55 Dst:[(7)..., [7, 8, 9, 10]] Rst:[] AR:0 IO:55
  [INFO] 70 PC/SLOT/STEP:26/2/0 EI/EAM:0/0 Idepth:0 SUB T:45 Dst:[(6)..., [6, 7, 8, 9]] Rst:[] AR:0 IO:55
  [INFO] 71 PC/SLOT/STEP:26/3/0 EI/EAM:0/0 Idepth:0 SUB T:36 Dst:[(5)..., [5, 6, 7, 8]] Rst:[] AR:0 IO:55
  [INFO] 72 PC/SLOT/STEP:26/4/0 EI/EAM:0/0 Idepth:0 SUB T:28 Dst:[(4)..., [4, 5, 6, 7]] Rst:[] AR:0 IO:55
  [INFO] 73 PC/SLOT/STEP:26/5/0 EI/EAM:0/0 Idepth:0 SUB T:21 Dst:[(3)..., [3, 4, 5, 6]] Rst:[] AR:0 IO:55
  [INFO] 74 PC/SLOT/STEP:26/6/0 EI/EAM:0/0 Idepth:0 SUB T:15 Dst:[(2)..., [2, 3, 4, 5]] Rst:[] AR:0 IO:55
  [INFO] 75 PC/SLOT/STEP:27/0/0 EI/EAM:0/0 Idepth:0 --- T:10 Dst:[(1)..., [1, 2, 3, 4]] Rst:[] AR:0 IO:55
  [INFO] 76 PC/SLOT/STEP:27/1/0 EI/EAM:0/0 Idepth:0 SUB T:10 Dst:[(1)..., [1, 2, 3, 4]] Rst:[] AR:0 IO:55
  [INFO] 77 PC/SLOT/STEP:27/2/0 EI/EAM:0/0 Idepth:0 SUB T:6 Dst:[0, 1, 2, 3] Rst:[] AR:0 IO:55
  [INFO] 78 PC/SLOT/STEP:27/3/0 EI/EAM:0/0 Idepth:0 SUB T:3 Dst:[0, 1, 2] Rst:[] AR:0 IO:55
  [INFO] 79 PC/SLOT/STEP:27/4/0 EI/EAM:0/0 Idepth:0 SUB T:1 Dst:[0, 1] Rst:[] AR:0 IO:55
  [INFO] 80 PC/SLOT/STEP:27/5/0 EI/EAM:0/0 Idepth:0 DUP T:0 Dst:[0] Rst:[] AR:0 IO:55
  [INFO] 81 PC/SLOT/STEP:27/6/0 EI/EAM:0/0 Idepth:0 NOP T:0 Dst:[0, 0] Rst:[] AR:0 IO:55
  [INFO] 82 PC/SLOT/STEP:28/0/0 EI/EAM:0/0 Idepth:0 --- T:0 Dst:[0, 0] Rst:[] AR:0 IO:55
  [INFO] 83 PC/SLOT/STEP:28/1/0 EI/EAM:0/0 Idepth:0 OUT(1) T:0 Dst:[0, 0] Rst:[] AR:0 IO:55
  [INFO] 84 PC/SLOT/STEP:28/1/1 EI/EAM:0/0 Idepth:0 OUT(1) T:0 Dst:[0] Rst:[] AR:0 IO:0
  [INFO] IO DEVICE 1 <- 0
  [INFO] 85 PC/SLOT/STEP:29/0/0 EI/EAM:0/0 Idepth:0 --- T:0 Dst:[0] Rst:[] AR:0 IO:0
  [INFO] 86 PC/SLOT/STEP:29/1/0 EI/EAM:0/0 Idepth:0 DROP T:0 Dst:[0] Rst:[] AR:0 IO:0
  [INFO] 87 PC/SLOT/STEP:29/2/0 EI/EAM:0/0 Idepth:0 NOP T:0 Dst:[] Rst:[] AR:0 IO:0
  [INFO] 88 PC/SLOT/STEP:29/3/0 EI/EAM:0/0 Idepth:0 NOP T:0 Dst:[] Rst:[] AR:0 IO:0
  [INFO] 89 PC/SLOT/STEP:29/4/0 EI/EAM:0/0 Idepth:0 NOP T:0 Dst:[] Rst:[] AR:0 IO:0
  [INFO] 90 PC/SLOT/STEP:29/5/0 EI/EAM:0/0 Idepth:0 NOP T:0 Dst:[] Rst:[] AR:0 IO:0
  [INFO] 91 PC/SLOT/STEP:29/6/0 EI/EAM:0/0 Idepth:0 NOP T:0 Dst:[] Rst:[] AR:0 IO:0
  [INFO] 92 PC/SLOT/STEP:30/0/0 EI/EAM:0/0 Idepth:0 --- T:0 Dst:[] Rst:[] AR:0 IO:0
  [INFO] 93 PC/SLOT/STEP:30/1/0 EI/EAM:0/0 Idepth:0 PUSH(6) T:0 Dst:[] Rst:[] AR:0 IO:0
  [INFO] 94 PC/SLOT/STEP:31/0/0 EI/EAM:0/0 Idepth:0 --- T:6 Dst:[0] Rst:[] AR:0 IO:0
  [INFO] 95 PC/SLOT/STEP:31/1/0 EI/EAM:0/0 Idepth:0 PUSH(5) T:6 Dst:[0] Rst:[] AR:0 IO:0
  [INFO] 96 PC/SLOT/STEP:32/0/0 EI/EAM:0/0 Idepth:0 --- T:5 Dst:[0, 6] Rst:[] AR:0 IO:0
  [INFO] 97 PC/SLOT/STEP:32/1/0 EI/EAM:0/0 Idepth:0 PUSH(4) T:5 Dst:[0, 6] Rst:[] AR:0 IO:0
  [INFO] 98 PC/SLOT/STEP:33/0/0 EI/EAM:0/0 Idepth:0 --- T:4 Dst:[0, 6, 5] Rst:[] AR:0 IO:0
  [INFO] 99 PC/SLOT/STEP:33/1/0 EI/EAM:0/0 Idepth:0 PUSH(3) T:4 Dst:[0, 6, 5] Rst:[] AR:0 IO:0
  [INFO] 100 PC/SLOT/STEP:34/0/0 EI/EAM:0/0 Idepth:0 --- T:3 Dst:[0, 6, 5, 4] Rst:[] AR:0 IO:0
  [INFO] 101 PC/SLOT/STEP:34/1/0 EI/EAM:0/0 Idepth:0 PUSH(2) T:3 Dst:[0, 6, 5, 4] Rst:[] AR:0 IO:0
  [INFO] 102 PC/SLOT/STEP:35/0/0 EI/EAM:0/0 Idepth:0 --- T:2 Dst:[(1)..., [6, 5, 4, 3]] Rst:[] AR:0 IO:0
  [INFO] 103 PC/SLOT/STEP:35/1/0 EI/EAM:0/0 Idepth:0 PUSH(1) T:2 Dst:[(1)..., [6, 5, 4, 3]] Rst:[] AR:0 IO:0
  [INFO] 104 PC/SLOT/STEP:36/0/0 EI/EAM:0/0 Idepth:0 --- T:1 Dst:[(2)..., [5, 4, 3, 2]] Rst:[] AR:0 IO:0
  [INFO] 105 PC/SLOT/STEP:36/1/0 EI/EAM:0/0 Idepth:0 MULL T:1 Dst:[(2)..., [5, 4, 3, 2]] Rst:[] AR:0 IO:0
  [INFO] 106 PC/SLOT/STEP:36/2/0 EI/EAM:0/0 Idepth:0 MULL T:2 Dst:[(1)..., [6, 5, 4, 3]] Rst:[] AR:0 IO:0
  [INFO] 107 PC/SLOT/STEP:36/3/0 EI/EAM:0/0 Idepth:0 MULL T:6 Dst:[0, 6, 5, 4] Rst:[] AR:0 IO:0
  [INFO] 108 PC/SLOT/STEP:36/4/0 EI/EAM:0/0 Idepth:0 MULL T:24 Dst:[0, 6, 5] Rst:[] AR:0 IO:0
  [INFO] 109 PC/SLOT/STEP:36/5/0 EI/EAM:0/0 Idepth:0 MULL T:120 Dst:[0, 6] Rst:[] AR:0 IO:0
  [INFO] 110 PC/SLOT/STEP:36/6/0 EI/EAM:0/0 Idepth:0 DUP T:720 Dst:[0] Rst:[] AR:0 IO:0
  [INFO] 111 PC/SLOT/STEP:37/0/0 EI/EAM:0/0 Idepth:0 --- T:720 Dst:[0, 720] Rst:[] AR:0 IO:0
  [INFO] 112 PC/SLOT/STEP:37/1/0 EI/EAM:0/0 Idepth:0 OUT(1) T:720 Dst:[0, 720] Rst:[] AR:0 IO:0
  [INFO] 113 PC/SLOT/STEP:37/1/1 EI/EAM:0/0 Idepth:0 OUT(1) T:720 Dst:[0] Rst:[] AR:0 IO:720
  [INFO] IO DEVICE 1 <- 720
  [INFO] 114 PC/SLOT/STEP:38/0/0 EI/EAM:0/0 Idepth:0 --- T:720 Dst:[0] Rst:[] AR:0 IO:720
  [INFO] 115 PC/SLOT/STEP:38/1/0 EI/EAM:0/0 Idepth:0 DROP T:720 Dst:[0] Rst:[] AR:0 IO:720
  [INFO] 116 PC/SLOT/STEP:38/2/0 EI/EAM:0/0 Idepth:0 NOP T:0 Dst:[] Rst:[] AR:0 IO:720
  [INFO] 117 PC/SLOT/STEP:38/3/0 EI/EAM:0/0 Idepth:0 NOP T:0 Dst:[] Rst:[] AR:0 IO:720
  [INFO] 118 PC/SLOT/STEP:38/4/0 EI/EAM:0/0 Idepth:0 NOP T:0 Dst:[] Rst:[] AR:0 IO:720
  [INFO] 119 PC/SLOT/STEP:38/5/0 EI/EAM:0/0 Idepth:0 NOP T:0 Dst:[] Rst:[] AR:0 IO:720
  [INFO] 120 PC/SLOT/STEP:38/6/0 EI/EAM:0/0 Idepth:0 NOP T:0 Dst:[] Rst:[] AR:0 IO:720
  [INFO] 121 PC/SLOT/STEP:39/0/0 EI/EAM:0/0 Idepth:0 --- T:0 Dst:[] Rst:[] AR:0 IO:720
  [INFO] 122 PC/SLOT/STEP:39/1/0 EI/EAM:0/0 Idepth:0 PUSH(1) T:0 Dst:[] Rst:[] AR:0 IO:720
  [INFO] 123 PC/SLOT/STEP:40/0/0 EI/EAM:0/0 Idepth:0 --- T:1 Dst:[0] Rst:[] AR:0 IO:720
  [INFO] 124 PC/SLOT/STEP:40/1/0 EI/EAM:0/0 Idepth:0 PUSH(1) T:1 Dst:[0] Rst:[] AR:0 IO:720
  [INFO] 125 PC/SLOT/STEP:41/0/0 EI/EAM:0/0 Idepth:0 --- T:1 Dst:[0, 1] Rst:[] AR:0 IO:720
  [INFO] 126 PC/SLOT/STEP:41/1/0 EI/EAM:0/0 Idepth:0 PUSH(1) T:1 Dst:[0, 1] Rst:[] AR:0 IO:720
  [INFO] 127 PC/SLOT/STEP:42/0/0 EI/EAM:0/0 Idepth:0 --- T:1 Dst:[0, 1, 1] Rst:[] AR:0 IO:720
  [INFO] 128 PC/SLOT/STEP:42/1/0 EI/EAM:0/0 Idepth:0 PUSH(2) T:1 Dst:[0, 1, 1] Rst:[] AR:0 IO:720
  [INFO] 129 PC/SLOT/STEP:43/0/0 EI/EAM:0/0 Idepth:0 --- T:2 Dst:[0, 1, 1, 1] Rst:[] AR:0 IO:720
  [INFO] 130 PC/SLOT/STEP:43/1/0 EI/EAM:0/0 Idepth:0 PUSH(3) T:2 Dst:[0, 1, 1, 1] Rst:[] AR:0 IO:720
  [INFO] 131 PC/SLOT/STEP:44/0/0 EI/EAM:0/0 Idepth:0 --- T:3 Dst:[(1)..., [1, 1, 1, 2]] Rst:[] AR:0 IO:720
  [INFO] 132 PC/SLOT/STEP:44/1/0 EI/EAM:0/0 Idepth:0 PUSH(4) T:3 Dst:[(1)..., [1, 1, 1, 2]] Rst:[] AR:0 IO:720
  [INFO] 133 PC/SLOT/STEP:45/0/0 EI/EAM:0/0 Idepth:0 --- T:4 Dst:[(2)..., [1, 1, 2, 3]] Rst:[] AR:0 IO:720
  [INFO] 134 PC/SLOT/STEP:45/1/0 EI/EAM:0/0 Idepth:0 PUSH(5) T:4 Dst:[(2)..., [1, 1, 2, 3]] Rst:[] AR:0 IO:720
  [INFO] 135 PC/SLOT/STEP:46/0/0 EI/EAM:0/0 Idepth:0 --- T:5 Dst:[(3)..., [1, 2, 3, 4]] Rst:[] AR:0 IO:720
  [INFO] 136 PC/SLOT/STEP:46/1/0 EI/EAM:0/0 Idepth:0 PUSH(120) T:5 Dst:[(3)..., [1, 2, 3, 4]] Rst:[] AR:0 IO:720
  [INFO] 137 PC/SLOT/STEP:47/0/0 EI/EAM:0/0 Idepth:0 --- T:120 Dst:[(4)..., [2, 3, 4, 5]] Rst:[] AR:0 IO:720
  [INFO] 138 PC/SLOT/STEP:47/1/0 EI/EAM:0/0 Idepth:0 DIV T:120 Dst:[(4)..., [2, 3, 4, 5]] Rst:[] AR:0 IO:720
  [INFO] 139 PC/SLOT/STEP:47/2/0 EI/EAM:0/0 Idepth:0 DIV T:24 Dst:[(3)..., [1, 2, 3, 4]] Rst:[] AR:0 IO:720
  [INFO] 140 PC/SLOT/STEP:47/3/0 EI/EAM:0/0 Idepth:0 DIV T:6 Dst:[(2)..., [1, 1, 2, 3]] Rst:[] AR:0 IO:720
  [INFO] 141 PC/SLOT/STEP:47/4/0 EI/EAM:0/0 Idepth:0 DIV T:2 Dst:[(1)..., [1, 1, 1, 2]] Rst:[] AR:0 IO:720
  [INFO] 142 PC/SLOT/STEP:47/5/0 EI/EAM:0/0 Idepth:0 DIV T:1 Dst:[0, 1, 1, 1] Rst:[] AR:0 IO:720
  [INFO] 143 PC/SLOT/STEP:47/6/0 EI/EAM:0/0 Idepth:0 DIV T:1 Dst:[0, 1, 1] Rst:[] AR:0 IO:720
  [INFO] 144 PC/SLOT/STEP:48/0/0 EI/EAM:0/0 Idepth:0 --- T:1 Dst:[0, 1] Rst:[] AR:0 IO:720
  [INFO] 145 PC/SLOT/STEP:48/1/0 EI/EAM:0/0 Idepth:0 DIV T:1 Dst:[0, 1] Rst:[] AR:0 IO:720
  [INFO] 146 PC/SLOT/STEP:48/2/0 EI/EAM:0/0 Idepth:0 DUP T:1 Dst:[0] Rst:[] AR:0 IO:720
  [INFO] 147 PC/SLOT/STEP:48/3/0 EI/EAM:0/0 Idepth:0 NOP T:1 Dst:[0, 1] Rst:[] AR:0 IO:720
  [INFO] 148 PC/SLOT/STEP:48/4/0 EI/EAM:0/0 Idepth:0 NOP T:1 Dst:[0, 1] Rst:[] AR:0 IO:720
  [INFO] 149 PC/SLOT/STEP:48/5/0 EI/EAM:0/0 Idepth:0 NOP T:1 Dst:[0, 1] Rst:[] AR:0 IO:720
  [INFO] 150 PC/SLOT/STEP:48/6/0 EI/EAM:0/0 Idepth:0 NOP T:1 Dst:[0, 1] Rst:[] AR:0 IO:720
  [INFO] 151 PC/SLOT/STEP:49/0/0 EI/EAM:0/0 Idepth:0 --- T:1 Dst:[0, 1] Rst:[] AR:0 IO:720
  [INFO] 152 PC/SLOT/STEP:49/1/0 EI/EAM:0/0 Idepth:0 OUT(1) T:1 Dst:[0, 1] Rst:[] AR:0 IO:720
  [INFO] 153 PC/SLOT/STEP:49/1/1 EI/EAM:0/0 Idepth:0 OUT(1) T:1 Dst:[0] Rst:[] AR:0 IO:1
  [INFO] IO DEVICE 1 <- 1
  [INFO] 154 PC/SLOT/STEP:50/0/0 EI/EAM:0/0 Idepth:0 --- T:1 Dst:[0] Rst:[] AR:0 IO:1
  [INFO] 155 PC/SLOT/STEP:50/1/0 EI/EAM:0/0 Idepth:0 HALT T:1 Dst:[0] Rst:[] AR:0 IO:1
  IO1: [55(7), 0(??), 720(??), 1(??)]
  ticks: 155
